Loading checkpoint shards:   0%|          | 0/4 [00:00<?, ?it/s]Loading checkpoint shards:  25%|██▌       | 1/4 [00:22<01:08, 22.72s/it]Loading checkpoint shards:  50%|█████     | 2/4 [00:26<00:22, 11.33s/it]Loading checkpoint shards:  75%|███████▌  | 3/4 [01:13<00:27, 27.59s/it]Loading checkpoint shards: 100%|██████████| 4/4 [01:32<00:00, 24.53s/it]Loading checkpoint shards: 100%|██████████| 4/4 [01:32<00:00, 23.21s/it]
This is a friendly reminder - the current text generation call will exceed the model's predefined maximum length (8192). Depending on the model, you may observe exceptions, performance degradation, or nothing at all.
n=120 trial=0 done
n=120 trial=1 done
n=120 trial=2 done
n=120 trial=3 done
n=120 trial=4 done
Traceback (most recent call last):
  File "<frozen runpy>", line 198, in _run_module_as_main
  File "<frozen runpy>", line 88, in _run_code
  File "/scratch/ssriva94/deceptive_laziness_benchmark_v0/v5/run_pilot.py", line 110, in <module>
    main()
  File "/scratch/ssriva94/deceptive_laziness_benchmark_v0/v5/run_pilot.py", line 73, in main
    full_raw, full_meta = generator.generate(
                          ^^^^^^^^^^^^^^^^^^^
  File "/scratch/ssriva94/deceptive_laziness_benchmark_v0/v3/run_sifo.py", line 87, in generate
    output = self.model.generate(
             ^^^^^^^^^^^^^^^^^^^^
  File "/home/ssriva94/.local/lib/python3.12/site-packages/torch/utils/_contextlib.py", line 116, in decorate_context
    return func(*args, **kwargs)
           ^^^^^^^^^^^^^^^^^^^^^
  File "/home/ssriva94/.local/lib/python3.12/site-packages/transformers/generation/utils.py", line 2465, in generate
    result = self._sample(
             ^^^^^^^^^^^^^
  File "/home/ssriva94/.local/lib/python3.12/site-packages/transformers/generation/utils.py", line 3434, in _sample
    outputs = model_forward(**model_inputs, return_dict=True)
              ^^^^^^^^^^^^^^^^^^^^^^^^^^^^^^^^^^^^^^^^^^^^^^^
  File "/home/ssriva94/.local/lib/python3.12/site-packages/torch/nn/modules/module.py", line 1739, in _wrapped_call_impl
    return self._call_impl(*args, **kwargs)
           ^^^^^^^^^^^^^^^^^^^^^^^^^^^^^^^^
  File "/home/ssriva94/.local/lib/python3.12/site-packages/torch/nn/modules/module.py", line 1750, in _call_impl
    return forward_call(*args, **kwargs)
           ^^^^^^^^^^^^^^^^^^^^^^^^^^^^^
  File "/home/ssriva94/.local/lib/python3.12/site-packages/transformers/utils/generic.py", line 965, in wrapper
    output = func(self, *args, **kwargs)
             ^^^^^^^^^^^^^^^^^^^^^^^^^^^
  File "/home/ssriva94/.local/lib/python3.12/site-packages/transformers/utils/deprecation.py", line 172, in wrapped_func
    return func(*args, **kwargs)
           ^^^^^^^^^^^^^^^^^^^^^
  File "/home/ssriva94/.local/lib/python3.12/site-packages/transformers/models/gemma2/modeling_gemma2.py", line 851, in forward
    outputs: BaseModelOutputWithPast = self.model(
                                       ^^^^^^^^^^^
  File "/home/ssriva94/.local/lib/python3.12/site-packages/torch/nn/modules/module.py", line 1739, in _wrapped_call_impl
    return self._call_impl(*args, **kwargs)
           ^^^^^^^^^^^^^^^^^^^^^^^^^^^^^^^^
  File "/home/ssriva94/.local/lib/python3.12/site-packages/torch/nn/modules/module.py", line 1750, in _call_impl
    return forward_call(*args, **kwargs)
           ^^^^^^^^^^^^^^^^^^^^^^^^^^^^^
  File "/home/ssriva94/.local/lib/python3.12/site-packages/transformers/utils/generic.py", line 965, in wrapper
    output = func(self, *args, **kwargs)
             ^^^^^^^^^^^^^^^^^^^^^^^^^^^
  File "/home/ssriva94/.local/lib/python3.12/site-packages/transformers/models/gemma2/modeling_gemma2.py", line 634, in forward
    layer_outputs = decoder_layer(
                    ^^^^^^^^^^^^^^
  File "/home/ssriva94/.local/lib/python3.12/site-packages/torch/nn/modules/module.py", line 1739, in _wrapped_call_impl
    return self._call_impl(*args, **kwargs)
           ^^^^^^^^^^^^^^^^^^^^^^^^^^^^^^^^
  File "/home/ssriva94/.local/lib/python3.12/site-packages/torch/nn/modules/module.py", line 1750, in _call_impl
    return forward_call(*args, **kwargs)
           ^^^^^^^^^^^^^^^^^^^^^^^^^^^^^
  File "/home/ssriva94/.local/lib/python3.12/site-packages/transformers/models/gemma2/modeling_gemma2.py", line 322, in forward
    hidden_states, self_attn_weights = self.self_attn(
                                       ^^^^^^^^^^^^^^^
  File "/home/ssriva94/.local/lib/python3.12/site-packages/torch/nn/modules/module.py", line 1739, in _wrapped_call_impl
    return self._call_impl(*args, **kwargs)
           ^^^^^^^^^^^^^^^^^^^^^^^^^^^^^^^^
  File "/home/ssriva94/.local/lib/python3.12/site-packages/torch/nn/modules/module.py", line 1750, in _call_impl
    return forward_call(*args, **kwargs)
           ^^^^^^^^^^^^^^^^^^^^^^^^^^^^^
  File "/home/ssriva94/.local/lib/python3.12/site-packages/transformers/models/gemma2/modeling_gemma2.py", line 249, in forward
    attn_output, attn_weights = attention_interface(
                                ^^^^^^^^^^^^^^^^^^^^
  File "/home/ssriva94/.local/lib/python3.12/site-packages/transformers/integrations/sdpa_attention.py", line 54, in sdpa_attention_forward
    attn_output = torch.nn.functional.scaled_dot_product_attention(
                  ^^^^^^^^^^^^^^^^^^^^^^^^^^^^^^^^^^^^^^^^^^^^^^^^^
RuntimeError: p.attn_bias_ptr is not correctly aligned
