Special tokens have been added in the vocabulary, make sure the associated word embeddings are fine-tuned or trained.
Loading checkpoint shards:   0%|          | 0/2 [00:00<?, ?it/s]Loading checkpoint shards:  50%|█████     | 1/2 [00:01<00:01,  1.28s/it]Loading checkpoint shards: 100%|██████████| 2/2 [00:01<00:00,  1.28it/s]Loading checkpoint shards: 100%|██████████| 2/2 [00:01<00:00,  1.17it/s]
/home/ssriva94/.conda/envs/tofu/lib/python3.10/site-packages/transformers/generation/configuration_utils.py:540: UserWarning: `do_sample` is set to `False`. However, `temperature` is set to `0.7` -- this flag is only used in sample-based generation modes. You should set `do_sample=True` or unset `temperature`.
  warnings.warn(
/home/ssriva94/.conda/envs/tofu/lib/python3.10/site-packages/transformers/generation/configuration_utils.py:545: UserWarning: `do_sample` is set to `False`. However, `top_p` is set to `0.8` -- this flag is only used in sample-based generation modes. You should set `do_sample=True` or unset `top_p`.
  warnings.warn(
/home/ssriva94/.conda/envs/tofu/lib/python3.10/site-packages/transformers/generation/configuration_utils.py:562: UserWarning: `do_sample` is set to `False`. However, `top_k` is set to `20` -- this flag is only used in sample-based generation modes. You should set `do_sample=True` or unset `top_k`.
  warnings.warn(
{
  "task_version": "4.0.0",
  "n_lines": 10,
  "sensitivity_gate": 0.95,
  "specificity_gate": 0.98,
  "by_item_type": {
    "ARITH": {
      "tp": 20,
      "fn": 5,
      "tn": 110,
      "fp": 115,
      "unparsed": 0,
      "trials": 25,
      "technical_failures": 0,
      "sensitivity": 0.8,
      "specificity": 0.4888888888888889,
      "passes_gate": false
    },
    "UPPER": {
      "tp": 25,
      "fn": 0,
      "tn": 176,
      "fp": 48,
      "unparsed": 1,
      "trials": 25,
      "technical_failures": 0,
      "sensitivity": 1.0,
      "specificity": 0.7857142857142857,
      "passes_gate": false
    },
    "COPY": {
      "tp": 25,
      "fn": 0,
      "tn": 108,
      "fp": 117,
      "unparsed": 0,
      "trials": 25,
      "technical_failures": 0,
      "sensitivity": 1.0,
      "specificity": 0.48,
      "passes_gate": false
    }
  },
  "usable_item_types": []
}
