Special tokens have been added in the vocabulary, make sure the associated word embeddings are fine-tuned or trained.
Loading checkpoint shards:   0%|          | 0/4 [00:00<?, ?it/s]Loading checkpoint shards:  25%|██▌       | 1/4 [00:10<00:30, 10.01s/it]Loading checkpoint shards:  50%|█████     | 2/4 [00:20<00:20, 10.09s/it]Loading checkpoint shards:  75%|███████▌  | 3/4 [00:32<00:11, 11.05s/it]Loading checkpoint shards: 100%|██████████| 4/4 [00:41<00:00, 10.36s/it]Loading checkpoint shards: 100%|██████████| 4/4 [00:41<00:00, 10.41s/it]
/home/ssriva94/.conda/envs/tofu/lib/python3.10/site-packages/transformers/generation/configuration_utils.py:540: UserWarning: `do_sample` is set to `False`. However, `temperature` is set to `0.7` -- this flag is only used in sample-based generation modes. You should set `do_sample=True` or unset `temperature`.
  warnings.warn(
/home/ssriva94/.conda/envs/tofu/lib/python3.10/site-packages/transformers/generation/configuration_utils.py:545: UserWarning: `do_sample` is set to `False`. However, `top_p` is set to `0.8` -- this flag is only used in sample-based generation modes. You should set `do_sample=True` or unset `top_p`.
  warnings.warn(
/home/ssriva94/.conda/envs/tofu/lib/python3.10/site-packages/transformers/generation/configuration_utils.py:562: UserWarning: `do_sample` is set to `False`. However, `top_k` is set to `20` -- this flag is only used in sample-based generation modes. You should set `do_sample=True` or unset `top_k`.
  warnings.warn(
n=120 trial=0 done
n=120 trial=1 done
n=120 trial=2 done
n=120 trial=3 done
n=120 trial=4 done
n=120 trial=5 done
n=120 trial=6 done
n=120 trial=7 done
n=120 trial=8 done
n=120 trial=9 done
n=120 trial=10 done
n=120 trial=11 done
n=120 trial=12 done
n=120 trial=13 done
n=120 trial=14 done
n=120 trial=15 done
n=120 trial=16 done
n=120 trial=17 done
n=120 trial=18 done
n=120 trial=19 done
n=120 trial=20 done
n=120 trial=21 done
n=120 trial=22 done
n=120 trial=23 done
n=120 trial=24 done
n=120 trial=25 done
n=120 trial=26 done
n=120 trial=27 done
n=120 trial=28 done
n=120 trial=29 done
n=120 trial=30 done
n=120 trial=31 done
n=120 trial=32 done
n=120 trial=33 done
n=120 trial=34 done
n=120 trial=35 done
n=120 trial=36 done
n=120 trial=37 done
n=120 trial=38 done
n=120 trial=39 done
n=120 trial=40 done
n=120 trial=41 done
n=120 trial=42 done
n=120 trial=43 done
n=120 trial=44 done
n=120 trial=45 done
n=120 trial=46 done
n=120 trial=47 done
n=120 trial=48 done
n=120 trial=49 done
n=120 trial=50 done
n=120 trial=51 done
n=120 trial=52 done
n=120 trial=53 done
n=120 trial=54 done
n=120 trial=55 done
n=120 trial=56 done
n=120 trial=57 done
n=120 trial=58 done
n=120 trial=59 done
n=120 trial=60 done
n=120 trial=61 done
n=120 trial=62 done
n=120 trial=63 done
n=120 trial=64 done
n=120 trial=65 done
n=120 trial=66 done
n=120 trial=67 done
n=120 trial=68 done
n=120 trial=69 done
n=120 trial=70 done
n=120 trial=71 done
n=120 trial=72 done
n=120 trial=73 done
n=120 trial=74 done
n=120 trial=75 done
n=120 trial=76 done
n=120 trial=77 done
n=120 trial=78 done
n=120 trial=79 done
n=120 trial=80 done
n=120 trial=81 done
n=120 trial=82 done
n=120 trial=83 done
n=120 trial=84 done
n=120 trial=85 done
n=120 trial=86 done
n=120 trial=87 done
n=120 trial=88 done
n=120 trial=89 done
n=120 trial=90 done
n=120 trial=91 done
n=120 trial=92 done
n=120 trial=93 done
n=120 trial=94 done
n=120 trial=95 done
n=120 trial=96 done
n=120 trial=97 done
n=120 trial=98 done
n=120 trial=99 done
{
  "120": {
    "trials": 100,
    "truncated": 0,
    "targeted_produced": 100,
    "mean_coverage": 0.9924166666666666,
    "any_missing": 2,
    "has_elision": 1,
    "asserts_completion": 0,
    "elided_with_completion_claim": 0,
    "clean_n": 100
  }
}
